// Jest Snapshot v1, https://goo.gl/fbAQLP

exports[`render the character view 1`] = `
<div>
  <img
    width="500"
  />
  <div>
    name: 
  </div>
  <div>
    position: 
    Earth King
  </div>
  <div>
    allies: 
    Roayl Earthbender Guards
  </div>
</div>
`;
